---
source: tui/src/bottom_pane/chat_composer.rs
expression: terminal.backend()
---
"                                                                                                    "
"› Ask Codex to do anything                                                                          "
"                                                                                                    "
"                                                                                                    "
"                                                                                                    "
"                                                                                                    "
"                                                                                                    "
"                                                                                                    "
"  / for commands                                      ⇧ + enter for newline                         "
"  ⌃ + ⇧ + ← / ⌃ + ⇧ + → to change model               tab / ⇧ + tab to change thinking              "
"  ⌥ + p / ⌥ + a / ⌥ + n to switch mode                @ for file paths                              "
"  ⌘ + v to paste from clipboard                       ⌃ + l to copy prompt                          "
"  ⌃ + g to edit in external editor                    ⌃ + r to search history                       "
"  esc again to edit or branch previous message        ⌃ + c to exit                                 "
"                                                                                                    "
"  ⌃ + t to view transcript                                                                          "
