---
source: tui/src/bottom_pane/footer.rs
expression: terminal.backend()
---
"  / for commands                               ⇧ + enter for newline            "
"  ⌃ + ⇧ + ← / ⌃ + ⇧ + → to change model        tab / ⇧ + tab to change thinking "
"  @ for file paths                             ⌘ + v to paste from clipboard    "
"  ⌥ + c to copy prompt                         ⌃ + r to search history          "
"  esc again to edit previous message           ⌃ + c to exit                    "
"                                                                                "
"  ⌃ + t to view transcript                                                      "
