---
source: tui/src/chatwidget/tests.rs
expression: terminal.backend()
---
"                                                                                "
"• Analyzing · gpt-5.2-codex (reasoning default) · (0s • esc to interrupt)       "
"                                                                                "
"                                                                                "
"› Ask Codex to do anything                                                      "
"                                                                                "
"  100% context left · ? for shortcuts                                           "
